2026-08-16 13:16:50,285 - src.bot - ERROR - Configuration error: Missing required configuration variables: TELEGRAM_BOT_TOKEN, TELEGRAM_CHAT_ID
2026-08-16 13:16:50,285 - src.bot - ERROR - Fatal error in main: Missing required configuration variables: TELEGRAM_BOT_TOKEN, TELEGRAM_CHAT_ID
2026-08-16 13:17:38,745 - src.max_messenger_api - INFO - ✅ Max Messenger API connection successful
2026-08-16 13:17:39,175 - src.max_messenger_api - ERROR - Send message failed: 405
2026-08-16 13:17:39,325 - src.max_messenger_api - ERROR - Error getting updates: Expecting value: line 1 column 1 (char 0)
2026-08-16 13:21:07,349 - src.max_messenger_api_v2 - INFO - Simulating message: 👋 Привет, Max Messenger!
2026-08-16 13:21:08,350 - src.max_messenger_api_v2 - INFO - Simulating message: 🤖 Это тестовое сообщение от бота
2026-08-16 13:21:09,357 - src.max_messenger_api_v2 - INFO - Simulating message: 📊 Проверка работы API
2026-08-16 13:21:10,358 - src.max_messenger_api_v2 - INFO - Simulating message: 🎉 Бот успешно работает!
2026-08-16 13:21:11,359 - __main__ - INFO - Бот запущен
2026-08-16 13:21:11,359 - __main__ - INFO - API подключен
2026-08-16 13:21:11,359 - __main__ - INFO - Сообщение обработано
2026-08-16 13:21:11,360 - __main__ - INFO - Обновление получено
2026-08-16 13:57:29,800 - src.max_messenger_api_v2 - ERROR - Method not allowed
2026-08-16 13:57:29,800 - src.max_messenger_api_v2 - ERROR - Failed to send message to Ved
2026-08-16 13:57:29,947 - src.max_messenger_api_v2 - ERROR - Method not allowed
2026-08-16 13:57:29,947 - src.max_messenger_api_v2 - ERROR - Failed to send message to Ved
2026-08-16 13:57:31,093 - src.max_messenger_api_v2 - ERROR - Method not allowed
2026-08-16 13:57:31,094 - src.max_messenger_api_v2 - ERROR - Failed to send message to +79854650850
2026-08-16 13:58:19,164 - src.max_messenger_api_v2 - INFO - Simulating message: 👋 Привет! Max Messenger Bot готов к работе!
2026-08-16 13:58:20,166 - src.max_messenger_api_v2 - INFO - Simulating message: 🤖 Это тестовое сообщение для демонстрации
2026-08-16 13:58:21,166 - src.max_messenger_api_v2 - INFO - Simulating message: 📱 Бот может отправлять сообщения пользователям Ved и +79854650850
2026-08-16 13:58:22,167 - src.max_messenger_api_v2 - INFO - Simulating message: 🎉 Система успешно настроена!
2026-08-16 13:58:23,167 - src.max_messenger_api_v2 - INFO - Simulating message: 🎯 Привет, Ved! Это персональное сообщение от Max Messenger Bot!
2026-08-16 13:58:24,168 - src.max_messenger_api_v2 - INFO - Simulating message: 🎯 Привет, +79854650850! Это персональное сообщение от Max Messenger Bot!
2026-08-16 17:40:35,634 - src.max_messenger_api_v2 - ERROR - Method not allowed
2026-08-16 17:40:35,634 - src.max_messenger_api_v2 - ERROR - Failed to send message to Ved
